#-----------------------------------------------------------
# Vivado v2025.2 (64-bit)
# SW Build 6299465 on Fri Nov 14 19:35:11 GMT 2025
# IP Build 6300035 on Fri Nov 14 10:48:45 MST 2025
# SharedData Build 6298862 on Thu Nov 13 04:50:51 MST 2025
# Start of session at: Sun Mar 22 18:36:09 2026
# Process ID         : 5204
# Current directory  : C:/Users/pablo/Documents/Vivado Projects/project_1
# Command line       : vivado.exe -gui_launcher_event rodinguilauncherevent2428 C:\Users\pablo\Documents\Vivado Projects\project_1\project_1.xpr
# Log file           : C:/Users/pablo/Documents/Vivado Projects/project_1/vivado.log
# Journal file       : C:/Users/pablo/Documents/Vivado Projects/project_1\vivado.jou
# Running On         : PABLO
# Platform           : Windows Server 2016 or Windows 10
# Operating System   : 26200
# Processor Detail   : AMD Ryzen 5 7530U with Radeon Graphics         
# CPU Frequency      : 1996 MHz
# CPU Physical cores : 6
# CPU Logical cores  : 12
# Host memory        : 16516 MB
# Swap memory        : 13369 MB
# Total Virtual      : 29885 MB
# Available Virtual  : 5308 MB
#-----------------------------------------------------------
start_gui
open_project {C:/Users/pablo/Documents/Vivado Projects/project_1/project_1.xpr}
update_compile_order -fileset sources_1

# Disabling source management mode.  This is to allow the top design properties to be set without GUI intervention.
set_property source_mgmt_mode None [current_project]
set_property top test_Triestado [get_filesets sim_1]
set_property top_lib xil_defaultlib [get_filesets sim_1]
# Re-enabling previously disabled source management mode.
set_property source_mgmt_mode All [current_project]
launch_simulation
source test_Triestado.tcl
restart
run 80 ns
close_sim
