#-----------------------------------------------------------
# Vivado v2025.2 (64-bit)
# SW Build 6299465 on Fri Nov 14 19:35:11 GMT 2025
# IP Build 6300035 on Fri Nov 14 10:48:45 MST 2025
# SharedData Build 6298862 on Thu Nov 13 04:50:51 MST 2025
# Start of session at: Mon Apr 13 21:44:35 2026
# Process ID         : 1260
# Current directory  : C:/Users/pablo/Documents/Vivado Projects/Practica6_3/Practica6_3.runs/xadc_wiz_0_synth_1
# Command line       : vivado.exe -log xadc_wiz_0.vds -product Vivado -mode batch -messageDb vivado.pb -notrace -source xadc_wiz_0.tcl
# Log file           : C:/Users/pablo/Documents/Vivado Projects/Practica6_3/Practica6_3.runs/xadc_wiz_0_synth_1/xadc_wiz_0.vds
# Journal file       : C:/Users/pablo/Documents/Vivado Projects/Practica6_3/Practica6_3.runs/xadc_wiz_0_synth_1\vivado.jou
# Running On         : PABLO
# Platform           : Windows Server 2016 or Windows 10
# Operating System   : 26200
# Processor Detail   : AMD Ryzen 5 7530U with Radeon Graphics         
# CPU Frequency      : 1996 MHz
# CPU Physical cores : 6
# CPU Logical cores  : 12
# Host memory        : 16516 MB
# Swap memory        : 10737 MB
# Total Virtual      : 27253 MB
# Available Virtual  : 11502 MB
#-----------------------------------------------------------
source xadc_wiz_0.tcl -notrace
