Copyright 1986-2022 Xilinx, Inc. All Rights Reserved. Copyright 2022-2025 Advanced Micro Devices, Inc. All Rights Reserved.
------------------------------------------------------------------------------------------------------------------------------------------------------------------------------------------------------------------------------------
| Tool Version : Vivado v.2025.2 (win64) Build 6299465 Fri Nov 14 19:35:11 GMT 2025
| Date         : Sat Apr 11 18:27:43 2026
| Host         : PABLO running 64-bit major release  (build 9200)
| Command      : report_timing_summary -max_paths 10 -routable_nets -report_unconstrained -file S7_Segmt_timing_summary_routed.rpt -pb S7_Segmt_timing_summary_routed.pb -rpx S7_Segmt_timing_summary_routed.rpx -warn_on_violation
| Design       : S7_Segmt
| Device       : 7a35t-cpg236
| Speed File   : -1  PRODUCTION 1.23 2018-06-13
| Design State : Routed
------------------------------------------------------------------------------------------------------------------------------------------------------------------------------------------------------------------------------------

Timing Summary Report

------------------------------------------------------------------------------------------------
| Timer Settings
| --------------
------------------------------------------------------------------------------------------------

  Enable Multi Corner Analysis               :  Yes
  Enable Pessimism Removal                   :  Yes
  Pessimism Removal Resolution               :  Nearest Common Node
  Enable Input Delay Default Clock           :  No
  Enable Preset / Clear Arcs                 :  No
  Disable Flight Delays                      :  No
  Ignore I/O Paths                           :  No
  Timing Early Launch at Borrowing Latches   :  No
  Borrow Time for Max Delay Exceptions       :  Yes
  Merge Timing Exceptions                    :  Yes
  Inter-SLR Compensation                     :  Conservative

  Corner  Analyze    Analyze    
  Name    Max Paths  Min Paths  
  ------  ---------  ---------  
  Slow    Yes        Yes        
  Fast    Yes        Yes        


------------------------------------------------------------------------------------------------
| Report Methodology
| ------------------
------------------------------------------------------------------------------------------------

No report available as report_methodology has not been run prior. Run report_methodology on the current design for the summary of methodology violations.



check_timing report

Table of Contents
-----------------
1. checking no_clock (0)
2. checking constant_clock (0)
3. checking pulse_width_clock (0)
4. checking unconstrained_internal_endpoints (0)
5. checking no_input_delay (0)
6. checking no_output_delay (0)
7. checking multiple_clock (0)
8. checking generated_clocks (0)
9. checking loops (0)
10. checking partial_input_delay (0)
11. checking partial_output_delay (0)
12. checking latch_loops (0)

1. checking no_clock (0)
------------------------
 There are 0 register/latch pins with no clock.


2. checking constant_clock (0)
------------------------------
 There are 0 register/latch pins with constant_clock.


3. checking pulse_width_clock (0)
---------------------------------
 There are 0 register/latch pins which need pulse_width check


4. checking unconstrained_internal_endpoints (0)
------------------------------------------------
 There are 0 pins that are not constrained for maximum delay.

 There are 0 pins that are not constrained for maximum delay due to constant clock.


5. checking no_input_delay (0)
------------------------------
 There are 0 input ports with no input delay specified.

 There are 0 input ports with no input delay but user has a false path constraint.


6. checking no_output_delay (0)
-------------------------------
 There are 0 ports with no output delay specified.

 There are 0 ports with no output delay but user has a false path constraint

 There are 0 ports with no output delay but with a timing clock defined on it or propagating through it


7. checking multiple_clock (0)
------------------------------
 There are 0 register/latch pins with multiple clocks.


8. checking generated_clocks (0)
--------------------------------
 There are 0 generated clocks that are not connected to a clock source.


9. checking loops (0)
---------------------
 There are 0 combinational loops in the design.


10. checking partial_input_delay (0)
------------------------------------
 There are 0 input ports with partial input delay specified.


11. checking partial_output_delay (0)
-------------------------------------
 There are 0 ports with partial output delay specified.


12. checking latch_loops (0)
----------------------------
 There are 0 combinational latch loops in the design through latch input



------------------------------------------------------------------------------------------------
| Design Timing Summary
| ---------------------
------------------------------------------------------------------------------------------------

    WNS(ns)      TNS(ns)  TNS Failing Endpoints  TNS Total Endpoints      WHS(ns)      THS(ns)  THS Failing Endpoints  THS Total Endpoints     WPWS(ns)     TPWS(ns)  TPWS Failing Endpoints  TPWS Total Endpoints  
    -------      -------  ---------------------  -------------------      -------      -------  ---------------------  -------------------     --------     --------  ----------------------  --------------------  
        inf        0.000                      0                   11          inf        0.000                      0                   11           NA           NA                      NA                    NA  


There are no user specified timing constraints.


------------------------------------------------------------------------------------------------
| Clock Summary
| -------------
------------------------------------------------------------------------------------------------


------------------------------------------------------------------------------------------------
| Intra Clock Table
| -----------------
------------------------------------------------------------------------------------------------

Clock             WNS(ns)      TNS(ns)  TNS Failing Endpoints  TNS Total Endpoints      WHS(ns)      THS(ns)  THS Failing Endpoints  THS Total Endpoints     WPWS(ns)     TPWS(ns)  TPWS Failing Endpoints  TPWS Total Endpoints  
-----             -------      -------  ---------------------  -------------------      -------      -------  ---------------------  -------------------     --------     --------  ----------------------  --------------------  


------------------------------------------------------------------------------------------------
| Inter Clock Table
| -----------------
------------------------------------------------------------------------------------------------

From Clock    To Clock          WNS(ns)      TNS(ns)  TNS Failing Endpoints  TNS Total Endpoints      WHS(ns)      THS(ns)  THS Failing Endpoints  THS Total Endpoints  
----------    --------          -------      -------  ---------------------  -------------------      -------      -------  ---------------------  -------------------  


------------------------------------------------------------------------------------------------
| Other Path Groups Table
| -----------------------
------------------------------------------------------------------------------------------------

Path Group    From Clock    To Clock          WNS(ns)      TNS(ns)  TNS Failing Endpoints  TNS Total Endpoints      WHS(ns)      THS(ns)  THS Failing Endpoints  THS Total Endpoints  
----------    ----------    --------          -------      -------  ---------------------  -------------------      -------      -------  ---------------------  -------------------  


------------------------------------------------------------------------------------------------
| User Ignored Path Table
| -----------------------
------------------------------------------------------------------------------------------------

Path Group    From Clock    To Clock    
----------    ----------    --------    


------------------------------------------------------------------------------------------------
| Unconstrained Path Table
| ------------------------
------------------------------------------------------------------------------------------------

Path Group    From Clock    To Clock    
----------    ----------    --------    
(none)                                    


------------------------------------------------------------------------------------------------
| Timing Details
| --------------
------------------------------------------------------------------------------------------------


--------------------------------------------------------------------------------------
Path Group:  (none)
From Clock:  
  To Clock:  

Max Delay            11 Endpoints
Min Delay            11 Endpoints
--------------------------------------------------------------------------------------


Max Delay Paths
--------------------------------------------------------------------------------------
Slack:                    inf
  Source:                 A2
                            (input port)
  Destination:            a
                            (output port)
  Path Group:             (none)
  Path Type:              Max at Slow Process Corner
  Data Path Delay:        10.940ns  (logic 5.328ns (48.705%)  route 5.612ns (51.295%))
  Logic Levels:           3  (IBUF=1 LUT4=1 OBUF=1)

    Location             Delay type                Incr(ns)  Path(ns)    Netlist Resource(s)
  -------------------------------------------------------------------    -------------------
    W16                                               0.000     0.000 r  A2 (IN)
                         net (fo=0)                   0.000     0.000    A2
    W16                  IBUF (Prop_ibuf_I_O)         1.464     1.464 r  A2_IBUF_inst/O
                         net (fo=7, routed)           3.700     5.164    A2_IBUF
    SLICE_X65Y16         LUT4 (Prop_lut4_I1_O)        0.152     5.316 r  a_OBUF_inst_i_1/O
                         net (fo=1, routed)           1.912     7.228    a_OBUF
    W7                   OBUF (Prop_obuf_I_O)         3.713    10.940 r  a_OBUF_inst/O
                         net (fo=0)                   0.000    10.940    a
    W7                                                                r  a (OUT)
  -------------------------------------------------------------------    -------------------

Slack:                    inf
  Source:                 A2
                            (input port)
  Destination:            d
                            (output port)
  Path Group:             (none)
  Path Type:              Max at Slow Process Corner
  Data Path Delay:        10.916ns  (logic 5.359ns (49.097%)  route 5.557ns (50.903%))
  Logic Levels:           3  (IBUF=1 LUT4=1 OBUF=1)

    Location             Delay type                Incr(ns)  Path(ns)    Netlist Resource(s)
  -------------------------------------------------------------------    -------------------
    W16                                               0.000     0.000 r  A2 (IN)
                         net (fo=0)                   0.000     0.000    A2
    W16                  IBUF (Prop_ibuf_I_O)         1.464     1.464 r  A2_IBUF_inst/O
                         net (fo=7, routed)           3.699     5.163    A2_IBUF
    SLICE_X65Y16         LUT4 (Prop_lut4_I1_O)        0.152     5.315 r  d_OBUF_inst_i_1/O
                         net (fo=1, routed)           1.857     7.172    d_OBUF
    V8                   OBUF (Prop_obuf_I_O)         3.744    10.916 r  d_OBUF_inst/O
                         net (fo=0)                   0.000    10.916    d
    V8                                                                r  d (OUT)
  -------------------------------------------------------------------    -------------------

Slack:                    inf
  Source:                 S0
                            (input port)
  Destination:            SSEG_AN3
                            (output port)
  Path Group:             (none)
  Path Type:              Max at Slow Process Corner
  Data Path Delay:        10.911ns  (logic 5.336ns (48.907%)  route 5.575ns (51.093%))
  Logic Levels:           3  (IBUF=1 LUT2=1 OBUF=1)

    Location             Delay type                Incr(ns)  Path(ns)    Netlist Resource(s)
  -------------------------------------------------------------------    -------------------
    V15                                               0.000     0.000 f  S0 (IN)
                         net (fo=0)                   0.000     0.000    S0
    V15                  IBUF (Prop_ibuf_I_O)         1.466     1.466 f  S0_IBUF_inst/O
                         net (fo=4, routed)           3.768     5.234    S0_IBUF
    SLICE_X65Y26         LUT2 (Prop_lut2_I1_O)        0.152     5.386 r  SSEG_AN3_OBUF_inst_i_1/O
                         net (fo=1, routed)           1.807     7.193    SSEG_AN3_OBUF
    W4                   OBUF (Prop_obuf_I_O)         3.718    10.911 r  SSEG_AN3_OBUF_inst/O
                         net (fo=0)                   0.000    10.911    SSEG_AN3
    W4                                                                r  SSEG_AN3 (OUT)
  -------------------------------------------------------------------    -------------------

Slack:                    inf
  Source:                 S0
                            (input port)
  Destination:            SSEG_AN0
                            (output port)
  Path Group:             (none)
  Path Type:              Max at Slow Process Corner
  Data Path Delay:        10.808ns  (logic 5.323ns (49.248%)  route 5.485ns (50.752%))
  Logic Levels:           3  (IBUF=1 LUT2=1 OBUF=1)

    Location             Delay type                Incr(ns)  Path(ns)    Netlist Resource(s)
  -------------------------------------------------------------------    -------------------
    V15                                               0.000     0.000 r  S0 (IN)
                         net (fo=0)                   0.000     0.000    S0
    V15                  IBUF (Prop_ibuf_I_O)         1.466     1.466 r  S0_IBUF_inst/O
                         net (fo=4, routed)           3.769     5.235    S0_IBUF
    SLICE_X65Y26         LUT2 (Prop_lut2_I1_O)        0.152     5.387 r  SSEG_AN0_OBUF_inst_i_1/O
                         net (fo=1, routed)           1.717     7.103    SSEG_AN0_OBUF
    U2                   OBUF (Prop_obuf_I_O)         3.705    10.808 r  SSEG_AN0_OBUF_inst/O
                         net (fo=0)                   0.000    10.808    SSEG_AN0
    U2                                                                r  SSEG_AN0 (OUT)
  -------------------------------------------------------------------    -------------------

Slack:                    inf
  Source:                 A2
                            (input port)
  Destination:            b
                            (output port)
  Path Group:             (none)
  Path Type:              Max at Slow Process Corner
  Data Path Delay:        10.698ns  (logic 5.117ns (47.830%)  route 5.581ns (52.170%))
  Logic Levels:           3  (IBUF=1 LUT4=1 OBUF=1)

    Location             Delay type                Incr(ns)  Path(ns)    Netlist Resource(s)
  -------------------------------------------------------------------    -------------------
    W16                                               0.000     0.000 r  A2 (IN)
                         net (fo=0)                   0.000     0.000    A2
    W16                  IBUF (Prop_ibuf_I_O)         1.464     1.464 r  A2_IBUF_inst/O
                         net (fo=7, routed)           3.700     5.164    A2_IBUF
    SLICE_X65Y16         LUT4 (Prop_lut4_I1_O)        0.124     5.288 r  b_OBUF_inst_i_1/O
                         net (fo=1, routed)           1.881     7.169    b_OBUF
    W6                   OBUF (Prop_obuf_I_O)         3.529    10.698 r  b_OBUF_inst/O
                         net (fo=0)                   0.000    10.698    b
    W6                                                                r  b (OUT)
  -------------------------------------------------------------------    -------------------

Slack:                    inf
  Source:                 S0
                            (input port)
  Destination:            SSEG_AN1
                            (output port)
  Path Group:             (none)
  Path Type:              Max at Slow Process Corner
  Data Path Delay:        10.664ns  (logic 5.089ns (47.722%)  route 5.575ns (52.278%))
  Logic Levels:           3  (IBUF=1 LUT2=1 OBUF=1)

    Location             Delay type                Incr(ns)  Path(ns)    Netlist Resource(s)
  -------------------------------------------------------------------    -------------------
    V15                                               0.000     0.000 f  S0 (IN)
                         net (fo=0)                   0.000     0.000    S0
    V15                  IBUF (Prop_ibuf_I_O)         1.466     1.466 f  S0_IBUF_inst/O
                         net (fo=4, routed)           3.769     5.235    S0_IBUF
    SLICE_X65Y26         LUT2 (Prop_lut2_I1_O)        0.124     5.359 r  SSEG_AN1_OBUF_inst_i_1/O
                         net (fo=1, routed)           1.807     7.165    SSEG_AN1_OBUF
    U4                   OBUF (Prop_obuf_I_O)         3.499    10.664 r  SSEG_AN1_OBUF_inst/O
                         net (fo=0)                   0.000    10.664    SSEG_AN1
    U4                                                                r  SSEG_AN1 (OUT)
  -------------------------------------------------------------------    -------------------

Slack:                    inf
  Source:                 A1
                            (input port)
  Destination:            f
                            (output port)
  Path Group:             (none)
  Path Type:              Max at Slow Process Corner
  Data Path Delay:        10.657ns  (logic 5.323ns (49.945%)  route 5.334ns (50.055%))
  Logic Levels:           3  (IBUF=1 LUT4=1 OBUF=1)

    Location             Delay type                Incr(ns)  Path(ns)    Netlist Resource(s)
  -------------------------------------------------------------------    -------------------
    V16                                               0.000     0.000 r  A1 (IN)
                         net (fo=0)                   0.000     0.000    A1
    V16                  IBUF (Prop_ibuf_I_O)         1.461     1.461 r  A1_IBUF_inst/O
                         net (fo=7, routed)           3.658     5.119    A1_IBUF
    SLICE_X65Y16         LUT4 (Prop_lut4_I3_O)        0.154     5.273 r  f_OBUF_inst_i_1/O
                         net (fo=1, routed)           1.676     6.950    f_OBUF
    V5                   OBUF (Prop_obuf_I_O)         3.707    10.657 r  f_OBUF_inst/O
                         net (fo=0)                   0.000    10.657    f
    V5                                                                r  f (OUT)
  -------------------------------------------------------------------    -------------------

Slack:                    inf
  Source:                 A1
                            (input port)
  Destination:            e
                            (output port)
  Path Group:             (none)
  Path Type:              Max at Slow Process Corner
  Data Path Delay:        10.567ns  (logic 5.105ns (48.314%)  route 5.462ns (51.687%))
  Logic Levels:           3  (IBUF=1 LUT4=1 OBUF=1)

    Location             Delay type                Incr(ns)  Path(ns)    Netlist Resource(s)
  -------------------------------------------------------------------    -------------------
    V16                                               0.000     0.000 f  A1 (IN)
                         net (fo=0)                   0.000     0.000    A1
    V16                  IBUF (Prop_ibuf_I_O)         1.461     1.461 f  A1_IBUF_inst/O
                         net (fo=7, routed)           3.658     5.119    A1_IBUF
    SLICE_X65Y16         LUT4 (Prop_lut4_I1_O)        0.124     5.243 r  e_OBUF_inst_i_1/O
                         net (fo=1, routed)           1.804     7.047    e_OBUF
    U5                   OBUF (Prop_obuf_I_O)         3.520    10.567 r  e_OBUF_inst/O
                         net (fo=0)                   0.000    10.567    e
    U5                                                                r  e (OUT)
  -------------------------------------------------------------------    -------------------

Slack:                    inf
  Source:                 S0
                            (input port)
  Destination:            SSEG_AN2
                            (output port)
  Path Group:             (none)
  Path Type:              Max at Slow Process Corner
  Data Path Delay:        10.548ns  (logic 5.113ns (48.474%)  route 5.435ns (51.526%))
  Logic Levels:           3  (IBUF=1 LUT2=1 OBUF=1)

    Location             Delay type                Incr(ns)  Path(ns)    Netlist Resource(s)
  -------------------------------------------------------------------    -------------------
    V15                                               0.000     0.000 r  S0 (IN)
                         net (fo=0)                   0.000     0.000    S0
    V15                  IBUF (Prop_ibuf_I_O)         1.466     1.466 r  S0_IBUF_inst/O
                         net (fo=4, routed)           3.768     5.234    S0_IBUF
    SLICE_X65Y26         LUT2 (Prop_lut2_I0_O)        0.124     5.358 r  SSEG_AN2_OBUF_inst_i_1/O
                         net (fo=1, routed)           1.668     7.025    SSEG_AN2_OBUF
    V4                   OBUF (Prop_obuf_I_O)         3.523    10.548 r  SSEG_AN2_OBUF_inst/O
                         net (fo=0)                   0.000    10.548    SSEG_AN2
    V4                                                                r  SSEG_AN2 (OUT)
  -------------------------------------------------------------------    -------------------

Slack:                    inf
  Source:                 A2
                            (input port)
  Destination:            c
                            (output port)
  Path Group:             (none)
  Path Type:              Max at Slow Process Corner
  Data Path Delay:        10.543ns  (logic 5.123ns (48.591%)  route 5.420ns (51.409%))
  Logic Levels:           3  (IBUF=1 LUT4=1 OBUF=1)

    Location             Delay type                Incr(ns)  Path(ns)    Netlist Resource(s)
  -------------------------------------------------------------------    -------------------
    W16                                               0.000     0.000 r  A2 (IN)
                         net (fo=0)                   0.000     0.000    A2
    W16                  IBUF (Prop_ibuf_I_O)         1.464     1.464 r  A2_IBUF_inst/O
                         net (fo=7, routed)           3.699     5.163    A2_IBUF
    SLICE_X65Y16         LUT4 (Prop_lut4_I3_O)        0.124     5.287 r  c_OBUF_inst_i_1/O
                         net (fo=1, routed)           1.721     7.008    c_OBUF
    U8                   OBUF (Prop_obuf_I_O)         3.535    10.543 r  c_OBUF_inst/O
                         net (fo=0)                   0.000    10.543    c
    U8                                                                r  c (OUT)
  -------------------------------------------------------------------    -------------------





Min Delay Paths
--------------------------------------------------------------------------------------
Slack:                    inf
  Source:                 A0
                            (input port)
  Destination:            g
                            (output port)
  Path Group:             (none)
  Path Type:              Min at Fast Process Corner
  Data Path Delay:        3.139ns  (logic 1.498ns (47.732%)  route 1.641ns (52.268%))
  Logic Levels:           3  (IBUF=1 LUT4=1 OBUF=1)

    Location             Delay type                Incr(ns)  Path(ns)    Netlist Resource(s)
  -------------------------------------------------------------------    -------------------
    V17                                               0.000     0.000 r  A0 (IN)
                         net (fo=0)                   0.000     0.000    A0
    V17                  IBUF (Prop_ibuf_I_O)         0.221     0.221 r  A0_IBUF_inst/O
                         net (fo=7, routed)           1.315     1.536    A0_IBUF
    SLICE_X63Y12         LUT4 (Prop_lut4_I1_O)        0.045     1.581 r  g_OBUF_inst_i_1/O
                         net (fo=1, routed)           0.326     1.907    g_OBUF
    U7                   OBUF (Prop_obuf_I_O)         1.232     3.139 r  g_OBUF_inst/O
                         net (fo=0)                   0.000     3.139    g
    U7                                                                r  g (OUT)
  -------------------------------------------------------------------    -------------------

Slack:                    inf
  Source:                 A0
                            (input port)
  Destination:            f
                            (output port)
  Path Group:             (none)
  Path Type:              Min at Fast Process Corner
  Data Path Delay:        3.276ns  (logic 1.543ns (47.081%)  route 1.734ns (52.919%))
  Logic Levels:           3  (IBUF=1 LUT4=1 OBUF=1)

    Location             Delay type                Incr(ns)  Path(ns)    Netlist Resource(s)
  -------------------------------------------------------------------    -------------------
    V17                                               0.000     0.000 r  A0 (IN)
                         net (fo=0)                   0.000     0.000    A0
    V17                  IBUF (Prop_ibuf_I_O)         0.221     0.221 r  A0_IBUF_inst/O
                         net (fo=7, routed)           1.402     1.623    A0_IBUF
    SLICE_X65Y16         LUT4 (Prop_lut4_I2_O)        0.051     1.674 r  f_OBUF_inst_i_1/O
                         net (fo=1, routed)           0.331     2.006    f_OBUF
    V5                   OBUF (Prop_obuf_I_O)         1.271     3.276 r  f_OBUF_inst/O
                         net (fo=0)                   0.000     3.276    f
    V5                                                                r  f (OUT)
  -------------------------------------------------------------------    -------------------

Slack:                    inf
  Source:                 A0
                            (input port)
  Destination:            e
                            (output port)
  Path Group:             (none)
  Path Type:              Min at Fast Process Corner
  Data Path Delay:        3.281ns  (logic 1.487ns (45.319%)  route 1.794ns (54.681%))
  Logic Levels:           3  (IBUF=1 LUT4=1 OBUF=1)

    Location             Delay type                Incr(ns)  Path(ns)    Netlist Resource(s)
  -------------------------------------------------------------------    -------------------
    V17                                               0.000     0.000 r  A0 (IN)
                         net (fo=0)                   0.000     0.000    A0
    V17                  IBUF (Prop_ibuf_I_O)         0.221     0.221 r  A0_IBUF_inst/O
                         net (fo=7, routed)           1.402     1.623    A0_IBUF
    SLICE_X65Y16         LUT4 (Prop_lut4_I3_O)        0.045     1.668 r  e_OBUF_inst_i_1/O
                         net (fo=1, routed)           0.392     2.060    e_OBUF
    U5                   OBUF (Prop_obuf_I_O)         1.221     3.281 r  e_OBUF_inst/O
                         net (fo=0)                   0.000     3.281    e
    U5                                                                r  e (OUT)
  -------------------------------------------------------------------    -------------------

Slack:                    inf
  Source:                 A3
                            (input port)
  Destination:            c
                            (output port)
  Path Group:             (none)
  Path Type:              Min at Fast Process Corner
  Data Path Delay:        3.331ns  (logic 1.498ns (44.955%)  route 1.834ns (55.045%))
  Logic Levels:           3  (IBUF=1 LUT4=1 OBUF=1)

    Location             Delay type                Incr(ns)  Path(ns)    Netlist Resource(s)
  -------------------------------------------------------------------    -------------------
    W17                                               0.000     0.000 r  A3 (IN)
                         net (fo=0)                   0.000     0.000    A3
    W17                  IBUF (Prop_ibuf_I_O)         0.217     0.217 r  A3_IBUF_inst/O
                         net (fo=7, routed)           1.471     1.687    A3_IBUF
    SLICE_X65Y16         LUT4 (Prop_lut4_I0_O)        0.045     1.732 r  c_OBUF_inst_i_1/O
                         net (fo=1, routed)           0.363     2.095    c_OBUF
    U8                   OBUF (Prop_obuf_I_O)         1.236     3.331 r  c_OBUF_inst/O
                         net (fo=0)                   0.000     3.331    c
    U8                                                                r  c (OUT)
  -------------------------------------------------------------------    -------------------

Slack:                    inf
  Source:                 A3
                            (input port)
  Destination:            b
                            (output port)
  Path Group:             (none)
  Path Type:              Min at Fast Process Corner
  Data Path Delay:        3.383ns  (logic 1.492ns (44.097%)  route 1.891ns (55.903%))
  Logic Levels:           3  (IBUF=1 LUT4=1 OBUF=1)

    Location             Delay type                Incr(ns)  Path(ns)    Netlist Resource(s)
  -------------------------------------------------------------------    -------------------
    W17                                               0.000     0.000 r  A3 (IN)
                         net (fo=0)                   0.000     0.000    A3
    W17                  IBUF (Prop_ibuf_I_O)         0.217     0.217 r  A3_IBUF_inst/O
                         net (fo=7, routed)           1.469     1.685    A3_IBUF
    SLICE_X65Y16         LUT4 (Prop_lut4_I0_O)        0.045     1.730 r  b_OBUF_inst_i_1/O
                         net (fo=1, routed)           0.422     2.153    b_OBUF
    W6                   OBUF (Prop_obuf_I_O)         1.230     3.383 r  b_OBUF_inst/O
                         net (fo=0)                   0.000     3.383    b
    W6                                                                r  b (OUT)
  -------------------------------------------------------------------    -------------------

Slack:                    inf
  Source:                 A3
                            (input port)
  Destination:            a
                            (output port)
  Path Group:             (none)
  Path Type:              Min at Fast Process Corner
  Data Path Delay:        3.442ns  (logic 1.532ns (44.520%)  route 1.910ns (55.480%))
  Logic Levels:           3  (IBUF=1 LUT4=1 OBUF=1)

    Location             Delay type                Incr(ns)  Path(ns)    Netlist Resource(s)
  -------------------------------------------------------------------    -------------------
    W17                                               0.000     0.000 r  A3 (IN)
                         net (fo=0)                   0.000     0.000    A3
    W17                  IBUF (Prop_ibuf_I_O)         0.217     0.217 r  A3_IBUF_inst/O
                         net (fo=7, routed)           1.469     1.685    A3_IBUF
    SLICE_X65Y16         LUT4 (Prop_lut4_I0_O)        0.042     1.727 r  a_OBUF_inst_i_1/O
                         net (fo=1, routed)           0.441     2.168    a_OBUF
    W7                   OBUF (Prop_obuf_I_O)         1.274     3.442 r  a_OBUF_inst/O
                         net (fo=0)                   0.000     3.442    a
    W7                                                                r  a (OUT)
  -------------------------------------------------------------------    -------------------

Slack:                    inf
  Source:                 A3
                            (input port)
  Destination:            d
                            (output port)
  Path Group:             (none)
  Path Type:              Min at Fast Process Corner
  Data Path Delay:        3.446ns  (logic 1.563ns (45.354%)  route 1.883ns (54.646%))
  Logic Levels:           3  (IBUF=1 LUT4=1 OBUF=1)

    Location             Delay type                Incr(ns)  Path(ns)    Netlist Resource(s)
  -------------------------------------------------------------------    -------------------
    W17                                               0.000     0.000 r  A3 (IN)
                         net (fo=0)                   0.000     0.000    A3
    W17                  IBUF (Prop_ibuf_I_O)         0.217     0.217 r  A3_IBUF_inst/O
                         net (fo=7, routed)           1.471     1.687    A3_IBUF
    SLICE_X65Y16         LUT4 (Prop_lut4_I0_O)        0.043     1.730 r  d_OBUF_inst_i_1/O
                         net (fo=1, routed)           0.412     2.143    d_OBUF
    V8                   OBUF (Prop_obuf_I_O)         1.303     3.446 r  d_OBUF_inst/O
                         net (fo=0)                   0.000     3.446    d
    V8                                                                r  d (OUT)
  -------------------------------------------------------------------    -------------------

Slack:                    inf
  Source:                 S1
                            (input port)
  Destination:            SSEG_AN2
                            (output port)
  Path Group:             (none)
  Path Type:              Min at Fast Process Corner
  Data Path Delay:        3.489ns  (logic 1.487ns (42.618%)  route 2.002ns (57.382%))
  Logic Levels:           3  (IBUF=1 LUT2=1 OBUF=1)

    Location             Delay type                Incr(ns)  Path(ns)    Netlist Resource(s)
  -------------------------------------------------------------------    -------------------
    W14                                               0.000     0.000 f  S1 (IN)
                         net (fo=0)                   0.000     0.000    S1
    W14                  IBUF (Prop_ibuf_I_O)         0.218     0.218 f  S1_IBUF_inst/O
                         net (fo=4, routed)           1.665     1.883    S1_IBUF
    SLICE_X65Y26         LUT2 (Prop_lut2_I1_O)        0.045     1.928 r  SSEG_AN2_OBUF_inst_i_1/O
                         net (fo=1, routed)           0.337     2.265    SSEG_AN2_OBUF
    V4                   OBUF (Prop_obuf_I_O)         1.224     3.489 r  SSEG_AN2_OBUF_inst/O
                         net (fo=0)                   0.000     3.489    SSEG_AN2
    V4                                                                r  SSEG_AN2 (OUT)
  -------------------------------------------------------------------    -------------------

Slack:                    inf
  Source:                 S1
                            (input port)
  Destination:            SSEG_AN1
                            (output port)
  Path Group:             (none)
  Path Type:              Min at Fast Process Corner
  Data Path Delay:        3.518ns  (logic 1.463ns (41.590%)  route 2.055ns (58.410%))
  Logic Levels:           3  (IBUF=1 LUT2=1 OBUF=1)

    Location             Delay type                Incr(ns)  Path(ns)    Netlist Resource(s)
  -------------------------------------------------------------------    -------------------
    W14                                               0.000     0.000 r  S1 (IN)
                         net (fo=0)                   0.000     0.000    S1
    W14                  IBUF (Prop_ibuf_I_O)         0.218     0.218 r  S1_IBUF_inst/O
                         net (fo=4, routed)           1.663     1.881    S1_IBUF
    SLICE_X65Y26         LUT2 (Prop_lut2_I0_O)        0.045     1.926 r  SSEG_AN1_OBUF_inst_i_1/O
                         net (fo=1, routed)           0.392     2.318    SSEG_AN1_OBUF
    U4                   OBUF (Prop_obuf_I_O)         1.200     3.518 r  SSEG_AN1_OBUF_inst/O
                         net (fo=0)                   0.000     3.518    SSEG_AN1
    U4                                                                r  SSEG_AN1 (OUT)
  -------------------------------------------------------------------    -------------------

Slack:                    inf
  Source:                 S1
                            (input port)
  Destination:            SSEG_AN0
                            (output port)
  Path Group:             (none)
  Path Type:              Min at Fast Process Corner
  Data Path Delay:        3.551ns  (logic 1.526ns (42.969%)  route 2.025ns (57.031%))
  Logic Levels:           3  (IBUF=1 LUT2=1 OBUF=1)

    Location             Delay type                Incr(ns)  Path(ns)    Netlist Resource(s)
  -------------------------------------------------------------------    -------------------
    W14                                               0.000     0.000 r  S1 (IN)
                         net (fo=0)                   0.000     0.000    S1
    W14                  IBUF (Prop_ibuf_I_O)         0.218     0.218 r  S1_IBUF_inst/O
                         net (fo=4, routed)           1.663     1.881    S1_IBUF
    SLICE_X65Y26         LUT2 (Prop_lut2_I0_O)        0.042     1.923 r  SSEG_AN0_OBUF_inst_i_1/O
                         net (fo=1, routed)           0.362     2.285    SSEG_AN0_OBUF
    U2                   OBUF (Prop_obuf_I_O)         1.266     3.551 r  SSEG_AN0_OBUF_inst/O
                         net (fo=0)                   0.000     3.551    SSEG_AN0
    U2                                                                r  SSEG_AN0 (OUT)
  -------------------------------------------------------------------    -------------------





